E:/Repos/BeetTweek-Firmware-Public/BeetTweek-Firmware/STM32Utilities/Src/ee24.c:28:6:ee24_isConnected	8	static
E:/Repos/BeetTweek-Firmware-Public/BeetTweek-Firmware/STM32Utilities/Src/ee24.c:82:6:ee24_write	56	static
E:/Repos/BeetTweek-Firmware-Public/BeetTweek-Firmware/STM32Utilities/Src/ee24.c:171:6:ee24_flush	4	static
E:/Repos/BeetTweek-Firmware-Public/BeetTweek-Firmware/STM32Utilities/Src/ee24.c:182:6:ee24_write_zeros	40	static
E:/Repos/BeetTweek-Firmware-Public/BeetTweek-Firmware/STM32Utilities/Src/ee24.c:197:6:ee24_write_ffff	40	static
E:/Repos/BeetTweek-Firmware-Public/BeetTweek-Firmware/STM32Utilities/Src/ee24.c:212:6:ee24_read	48	static
E:/Repos/BeetTweek-Firmware-Public/BeetTweek-Firmware/STM32Utilities/Src/ee24.c:272:6:ee24_write_8	24	static
E:/Repos/BeetTweek-Firmware-Public/BeetTweek-Firmware/STM32Utilities/Src/ee24.c:278:6:ee24_write_16	24	static
E:/Repos/BeetTweek-Firmware-Public/BeetTweek-Firmware/STM32Utilities/Src/ee24.c:286:6:ee24_write_32	32	static
E:/Repos/BeetTweek-Firmware-Public/BeetTweek-Firmware/STM32Utilities/Src/ee24.c:295:6:ee24_write_float	32	static
E:/Repos/BeetTweek-Firmware-Public/BeetTweek-Firmware/STM32Utilities/Src/ee24.c:306:6:ee24_read_8	32	static
E:/Repos/BeetTweek-Firmware-Public/BeetTweek-Firmware/STM32Utilities/Src/ee24.c:316:6:ee24_read_16	32	static
E:/Repos/BeetTweek-Firmware-Public/BeetTweek-Firmware/STM32Utilities/Src/ee24.c:328:6:ee24_read_32	32	static
E:/Repos/BeetTweek-Firmware-Public/BeetTweek-Firmware/STM32Utilities/Src/ee24.c:342:6:ee24_read_float	40	static
E:/Repos/BeetTweek-Firmware-Public/BeetTweek-Firmware/STM32Utilities/Src/ee24.c:371:6:ee24_eraseChip	56	static
