../Drivers/STM32F4xx_HAL_Driver/Src/stm32f4xx_hal_exti.c:143:19:HAL_EXTI_SetConfigLine	24	static
../Drivers/STM32F4xx_HAL_Driver/Src/stm32f4xx_hal_exti.c:238:19:HAL_EXTI_GetConfigLine	16	static
../Drivers/STM32F4xx_HAL_Driver/Src/stm32f4xx_hal_exti.c:317:19:HAL_EXTI_ClearConfigLine	16	static
../Drivers/STM32F4xx_HAL_Driver/Src/stm32f4xx_hal_exti.c:370:19:HAL_EXTI_RegisterCallback	0	static
../Drivers/STM32F4xx_HAL_Driver/Src/stm32f4xx_hal_exti.c:395:19:HAL_EXTI_GetHandle	16	static
../Drivers/STM32F4xx_HAL_Driver/Src/stm32f4xx_hal_exti.c:435:6:HAL_EXTI_IRQHandler	0	static
../Drivers/STM32F4xx_HAL_Driver/Src/stm32f4xx_hal_exti.c:467:10:HAL_EXTI_GetPending	16	static
../Drivers/STM32F4xx_HAL_Driver/Src/stm32f4xx_hal_exti.c:496:6:HAL_EXTI_ClearPending	16	static
../Drivers/STM32F4xx_HAL_Driver/Src/stm32f4xx_hal_exti.c:517:6:HAL_EXTI_GenerateSWI	8	static
