C:\ST\STM32CubeIDE_1.13.2\STM32CubeIDE\plugins\com.st.stm32cube.ide.mcu.externaltools.gnu-tools-for-stm32.10.3-2021.10.win32_1.1.200.202402032213\tools\bin/../lib/gcc/arm-none-eabi/10.3.1/../../../../arm-none-eabi/include/c++/10.3.1/limits:1691:7:static constexpr float std::numeric_limits<float>::epsilon()	4	static
C:/Users/casht/repos/subMatrixWorkSpace/BeetTweek-Firmware/STM32Utilities/Inc/Vector3.h:221:5:MathExtras::Vector3::Vector3(float, float, float)	24	static
C:/Users/casht/repos/subMatrixWorkSpace/BeetTweek-Firmware/STM32Utilities/Inc/MathExtras_Color.h:18:5:MathExtras::Color::Color()	16	static
C:/Users/casht/repos/subMatrixWorkSpace/BeetTweek-Firmware/STM32Utilities/Inc/MathExtras_Color.h:39:5:MathExtras::Color::Color(float, float, float)	24	static
C:/Users/casht/repos/subMatrixWorkSpace/BeetTweek-Firmware/STM32Utilities/Inc/MathExtras_Color.h:48:5:MathExtras::Color::Color(float, float, float, float)	32	static
E:/Repos/BeetTweek-Firmware-Public/BeetTweek-Firmware/STM32Utilities/Src/MathExtras_Color.cpp:32:10:unsigned int MathExtras::Color::ToUInt() const	32	static
E:/Repos/BeetTweek-Firmware-Public/BeetTweek-Firmware/STM32Utilities/Src/MathExtras_Color.cpp:41:9:MathExtras::Vector3 MathExtras::Color::ToHSL() const	80	static
E:/Repos/BeetTweek-Firmware-Public/BeetTweek-Firmware/STM32Utilities/Src/MathExtras_Color.cpp:53:9:MathExtras::Vector3 MathExtras::Color::ToHSV() const	80	static
E:/Repos/BeetTweek-Firmware-Public/BeetTweek-Firmware/STM32Utilities/Src/MathExtras_Color.cpp:65:6:void MathExtras::Color::FromUInt(unsigned int)	16	static
E:/Repos/BeetTweek-Firmware-Public/BeetTweek-Firmware/STM32Utilities/Src/MathExtras_Color.cpp:73:6:void MathExtras::Color::FromHSL(float, float, float, float)	40	static
E:/Repos/BeetTweek-Firmware-Public/BeetTweek-Firmware/STM32Utilities/Src/MathExtras_Color.cpp:88:6:void MathExtras::Color::FromHSV(float, float, float, float)	40	static
E:/Repos/BeetTweek-Firmware-Public/BeetTweek-Firmware/STM32Utilities/Src/MathExtras_Color.cpp:98:6:void MathExtras::Color::SetValue(float)	32	static
E:/Repos/BeetTweek-Firmware-Public/BeetTweek-Firmware/STM32Utilities/Src/MathExtras_Color.cpp:104:6:void MathExtras::Color::SetLightness(float)	32	static
E:/Repos/BeetTweek-Firmware-Public/BeetTweek-Firmware/STM32Utilities/Src/MathExtras_Color.cpp:112:7:float MathExtras::Color::Chroma() const	24	static
E:/Repos/BeetTweek-Firmware-Public/BeetTweek-Firmware/STM32Utilities/Src/MathExtras_Color.cpp:120:7:float MathExtras::Color::Hue() const	24	static
E:/Repos/BeetTweek-Firmware-Public/BeetTweek-Firmware/STM32Utilities/Src/MathExtras_Color.cpp:128:7:float MathExtras::Color::SaturationHSL() const	24	static
E:/Repos/BeetTweek-Firmware-Public/BeetTweek-Firmware/STM32Utilities/Src/MathExtras_Color.cpp:136:7:float MathExtras::Color::SaturationHSV() const	24	static
E:/Repos/BeetTweek-Firmware-Public/BeetTweek-Firmware/STM32Utilities/Src/MathExtras_Color.cpp:144:7:float MathExtras::Color::Lightness() const	24	static
E:/Repos/BeetTweek-Firmware-Public/BeetTweek-Firmware/STM32Utilities/Src/MathExtras_Color.cpp:152:6:void MathExtras::Color::Bounds(float*, float*, bool) const	24	static
E:/Repos/BeetTweek-Firmware-Public/BeetTweek-Firmware/STM32Utilities/Src/MathExtras_Color.cpp:189:7:float MathExtras::Color::MaxRGB() const	16	static
E:/Repos/BeetTweek-Firmware-Public/BeetTweek-Firmware/STM32Utilities/Src/MathExtras_Color.cpp:197:7:float MathExtras::Color::MinRGB() const	16	static
E:/Repos/BeetTweek-Firmware-Public/BeetTweek-Firmware/STM32Utilities/Src/MathExtras_Color.cpp:205:7:float MathExtras::Color::Range() const	24	static
E:/Repos/BeetTweek-Firmware-Public/BeetTweek-Firmware/STM32Utilities/Src/MathExtras_Color.cpp:212:6:void MathExtras::Color::Clip(bool)	16	static
E:/Repos/BeetTweek-Firmware-Public/BeetTweek-Firmware/STM32Utilities/Src/MathExtras_Color.cpp:222:6:void MathExtras::Color::Invert(bool)	16	static
E:/Repos/BeetTweek-Firmware-Public/BeetTweek-Firmware/STM32Utilities/Src/MathExtras_Color.cpp:232:7:MathExtras::Color MathExtras::Color::Lerp(const MathExtras::Color&, float) const	88	static
E:/Repos/BeetTweek-Firmware-Public/BeetTweek-Firmware/STM32Utilities/Src/MathExtras_Color.cpp:245:7:float MathExtras::Color::Hue(float, float) const	32	static
E:/Repos/BeetTweek-Firmware-Public/BeetTweek-Firmware/STM32Utilities/Src/MathExtras_Color.cpp:265:7:float MathExtras::Color::SaturationHSV(float, float) const	24	static
E:/Repos/BeetTweek-Firmware-Public/BeetTweek-Firmware/STM32Utilities/Src/MathExtras_Color.cpp:275:7:float MathExtras::Color::SaturationHSL(float, float) const	32	static
E:/Repos/BeetTweek-Firmware-Public/BeetTweek-Firmware/STM32Utilities/Src/MathExtras_Color.cpp:290:6:void MathExtras::Color::FromHCM(float, float, float)	32	static
E:/Repos/BeetTweek-Firmware-Public/BeetTweek-Firmware/STM32Utilities/Src/MathExtras_Color.cpp:347:10:unsigned int MathExtras::Color::ToUIntArgb() const	32	static
C:/Users/casht/repos/subMatrixWorkSpace/BeetTweek-Firmware/STM32Utilities/Inc/MathExtras.h:58:14:bool MathExtras::Equals(T, T) [with T = float]	16	static
C:/Users/casht/repos/subMatrixWorkSpace/BeetTweek-Firmware/STM32Utilities/Inc/MathExtras.h:205:11:T MathExtras::Abs(T) [with T = float]	16	static
C:/Users/casht/repos/subMatrixWorkSpace/BeetTweek-Firmware/STM32Utilities/Inc/MathExtras.h:151:32:T MathExtras::ClampInclusive(T, T, T) [with T = int]	24	static
E:/Repos/BeetTweek-Firmware-Public/BeetTweek-Firmware/STM32Utilities/Src/MathExtras_Color.cpp:382:1:void __static_initialization_and_destruction_0(int, int)	16	static
E:/Repos/BeetTweek-Firmware-Public/BeetTweek-Firmware/STM32Utilities/Src/MathExtras_Color.cpp:382:1:cpp)	8	static
