C:/Users/casht/repos/subMatrixWorkSpace/BeetTweek-Firmware/BeetTweek-Firmware/STM32Utilities/Inc/Vector3.h:36:5:MathExtras::IntVector3::IntVector3()	16	static
C:/Users/casht/repos/subMatrixWorkSpace/BeetTweek-Firmware/BeetTweek-Firmware/STM32Utilities/Inc/Vector3.h:44:5:MathExtras::IntVector3::IntVector3(int, int, int)	24	static
C:/Users/casht/repos/subMatrixWorkSpace/BeetTweek-Firmware/BeetTweek-Firmware/STM32Utilities/Inc/Vector3.h:186:5:MathExtras::Vector3::Vector3()	16	static
C:/Users/casht/repos/subMatrixWorkSpace/BeetTweek-Firmware/BeetTweek-Firmware/STM32Utilities/Inc/Vector3.h:221:5:MathExtras::Vector3::Vector3(float, float, float)	24	static
C:/Users/casht/repos/subMatrixWorkSpace/BeetTweek-Firmware/BeetTweek-Firmware/STM32Utilities/Src/Vector3.cpp:53:1:void __static_initialization_and_destruction_0(int, int)	16	static
C:/Users/casht/repos/subMatrixWorkSpace/BeetTweek-Firmware/BeetTweek-Firmware/STM32Utilities/Src/Vector3.cpp:53:1:cpp)	8	static
