C:/Users/casht/repos/subMatrixWorkSpace/BeetTweek-Firmware/STM32Utilities/Inc/Vector2.h:36:5:MathExtras::IntVector2::IntVector2()	16	static
C:/Users/casht/repos/subMatrixWorkSpace/BeetTweek-Firmware/STM32Utilities/Inc/Vector2.h:43:5:MathExtras::IntVector2::IntVector2(int, int)	24	static
C:/Users/casht/repos/subMatrixWorkSpace/BeetTweek-Firmware/STM32Utilities/Inc/Vector2.h:177:5:MathExtras::Vector2::Vector2()	16	static
C:/Users/casht/repos/subMatrixWorkSpace/BeetTweek-Firmware/STM32Utilities/Inc/Vector2.h:194:5:MathExtras::Vector2::Vector2(float, float)	24	static
E:/Repos/BeetTweek-Firmware-Public/BeetTweek-Firmware/STM32Utilities/Src/Vector2.cpp:48:1:void __static_initialization_and_destruction_0(int, int)	16	static
E:/Repos/BeetTweek-Firmware-Public/BeetTweek-Firmware/STM32Utilities/Src/Vector2.cpp:48:1:cpp)	8	static
