../Drivers/STM32H7xx_HAL_Driver/Src/stm32h7xx_hal_gpio.c:165:6:HAL_GPIO_Init	56	static
../Drivers/STM32H7xx_HAL_Driver/Src/stm32h7xx_hal_gpio.c:302:6:HAL_GPIO_DeInit	40	static
../Drivers/STM32H7xx_HAL_Driver/Src/stm32h7xx_hal_gpio.c:389:15:HAL_GPIO_ReadPin	16	static
../Drivers/STM32H7xx_HAL_Driver/Src/stm32h7xx_hal_gpio.c:423:6:HAL_GPIO_WritePin	16	static
../Drivers/STM32H7xx_HAL_Driver/Src/stm32h7xx_hal_gpio.c:445:6:HAL_GPIO_TogglePin	16	static
../Drivers/STM32H7xx_HAL_Driver/Src/stm32h7xx_hal_gpio.c:470:19:HAL_GPIO_LockPin	24	static
../Drivers/STM32H7xx_HAL_Driver/Src/stm32h7xx_hal_gpio.c:528:13:HAL_GPIO_EXTI_Callback	0	static
../Drivers/STM32H7xx_HAL_Driver/Src/stm32h7xx_hal_gpio.c:505:6:HAL_GPIO_EXTI_IRQHandler	8	static
