C:/Users/casht/repos/subMatrixWorkSpace/BeetTweek-Firmware/BeetTweek-Firmware/SharedSource/DualBoardComHandler.h:39:8:constexpr DualBoardComHandler::PackScheme::PackScheme()	16	static
E:/Repos/BeetTweek-Firmware-Public/BeetTweek-Firmware/SharedSource/DualBoardComHandler.cpp:12:1:DualBoardComHandler::DualBoardComHandler()	16	static
E:/Repos/BeetTweek-Firmware-Public/BeetTweek-Firmware/SharedSource/DualBoardComHandler.cpp:17:1:DualBoardComHandler::~DualBoardComHandler()	16	static
E:/Repos/BeetTweek-Firmware-Public/BeetTweek-Firmware/SharedSource/DualBoardComHandler.cpp:17:1:virtual DualBoardComHandler::~DualBoardComHandler()	16	static
E:/Repos/BeetTweek-Firmware-Public/BeetTweek-Firmware/SharedSource/DualBoardComHandler.cpp:23:6:void DualBoardComHandler::Master_Process(uint16_t, uint16_t, uint16_t, uint16_t, uint16_t*, uint16_t*, uint16_t*, uint16_t*)	32	static
C:/Users/casht/repos/subMatrixWorkSpace/BeetTweek-Firmware/STM32Utilities/Inc/MathExtras.h:200:11:T MathExtras::Max(T, U) [with T = int; U = int]	16	static
